// Copyright Materialize, Inc. and contributors. All rights reserved.
//
// Use of this software is governed by the Business Source License
// included in the LICENSE file.
//
// As of the Change Date specified in that file, in accordance with
// the Business Source License, use of this software will be governed
// by the Apache License, Version 2.0.


#[derive(Debug, Serialize, Deserialize)]
pub struct RoleAttributesV4 {
    pub inherit: bool,
    pub create_role: bool,
    #[serde(alias = "create_db_other")]
    pub create_db: Option<BTreeMap<String, RolesV4>>,
}
